\BOOKMARK [1][-]{section.1}{\376\377\117\140\131\175}{}% 1
